[2025-12-20 16:04:20] 🟢 调度器启动
[2025-12-20 16:04:20] ▶ 开始抓取新闻
[2025-12-20 16:04:40] ✔ 抓取完成
[2025-12-20 16:04:40] STDOUT:
🗄 Initializing database...
🗞 Fetching & storing news...

===== The Guardian - World =====
✔ US plan for $1.6m hepatitis B vaccine study in Africa called ‘highly unethical’
✔ Colombian mercenaries in Sudan ‘recruited by UK-registered firms’
✔ Morocco accused of ‘horrific’ abuse of detained gen Z protesters
✔ Five key moments in the assault on the rights of women and girls in 2025
✔ South Africa in talks with Russia over men ‘tricked’ into fighting in Ukraine
✔ Trump and top aides refuse to rule out war with Venezuela
✔ Santas and elves rob Montreal grocery store to ‘give food to the needy’
✔ Seven Colombian soldiers killed in rebel drone attack on base near Venezuela
✔ ‘I can’t think of a place more pristine’: 133,000 hectares of Chilean Patagonia preserved after local fundraising
✔ Brazilian president vows to veto bill cutting Jair Bolsonaro’s prison term
✔ At least four people killed in mass stabbing in Taipei
✔ UK Foreign Office victim of cyber-attack in October, says Chris Bryant
✔ TikTok signs Trump-backed deal to avoid US ban
✔ ‘Matter of survival’: South Korean president urges public health cover for hair loss
✔ US announces more than $10bn of arms sales to Taiwan
✔ Lithium battery fire on truck shuts down Hume Highway in NSW due to health risk
✔ Prime minister backs NSW premier’s call for a royal commission into the Bondi beach terror attack
✔ A swim for unity at Bondi beach, the scene of Sydney’s darkest day. But on land tensions fray
✔ When attacks unfold, what makes a person run towards danger?
✔ Puberty blocker bans in Queensland and NZ risk extreme harm to trans youth, UK expert warns
✔ Brussels bike ban plan for pedestrian zone ‘dangerous and absurd’
✔ Zelenskyy and Polish PM hail EU’s €90bn loan: ‘Scariest thing for Russians is when we’re together’ – as it happened
✔ Ukraine attacks Russian ‘shadow’ tanker off Libyan coast
✔ EU’s Ukraine loan may have been Plan B, but don’t underestimate its significance to the bloc
✔ Ukraine deal: EU leaders agree €90bn loan, but without use of frozen Russian assets
✔ Gaza no longer in famine but hunger levels remain critical, UN says
✔ Gaza PhD student and family evacuated to UK after Foreign Office U-turn
✔ Iranian boxing champion at imminent risk of execution as retrial request rejected
✔ Rainfall creates crimson spectacle at beach on Iran’s Hormuz Island
✔ Saudi-backed forces gather on Yemen border as separatists face pressure to pull back
✔ ‘Magical’ galaxy frogs disappear after reports of photographers destroying their habitats
✔ Court backs ruling that UK unlawfully detained Tamils on Diego Garcia
✔ India’s electoral roll revision threatens democracy and Muslims, say critics
✔ Lionel Messi’s India tour starts in chaos as angry fans throw seats in stadium
✔ US agents increasingly arresting Afghan asylum seekers, lawyers say: ‘A huge chilling effect’
✔ Retailers hope ‘panic weekend’ will bring Christmas cheer to UK sales
✔ Shooting hares in England to be banned for most of the year
✔ Epstein files appear to show ex-prince Andrew lying on laps watched by Ghislaine Maxwell
✔ Timothée Chalamet puts alter-ego rumors to rest in remix with EsDeeKid
✔ Alan Milburn to review rise in youth minimum wage
✔ ‘The most important documents are missing,’ says Democratic representative of Epstein files release – as it happened
✔ US launches airstrikes against dozens of Islamic State targets in Syria
✔ US justice department releases heavily redacted cache of Jeffrey Epstein files
✔ Survivors of Epstein’s abuse condemn justice department for only partly releasing files
✔ Trump over-promises and under-delivers with heavily redacted Epstein cache

===== The Guardian - China =====
✔ Trump, tech barons and a title-less Andrew: how well do you remember 2025? – quiz
✔ UK Foreign Office victim of cyber-attack in October, says Chris Bryant
✔ TikTok signs Trump-backed deal to avoid US ban
✔ Dashed dreams and land grabs: The rise of rural protests in China
✔ China to hike tax on condoms in attempt to boost falling birth rate
✔ ‘A cave complex worthy of Batman!’ Mind-boggling buildings that showed the world a new China
✔ UK to hold inquiry into foreign financial interference in domestic politics
✔ How far must UK go to fend off threat of foreign interference in its elections?
✔ Trump urges Xi Jinping to free HK pro-democracy media tycoon Jimmy Lai
✔ Man who documented Uyghur camps in China may face removal from US after ICE arrest
✔ The Guardian view on combating Europe’s national populists: protect the less well-off from the winds of change | Editorial
✔ Governments and rights groups condemn conviction of Hong Kong activist Jimmy Lai
✔ Hong Kong: Jimmy Lai facing life in prison after conviction on security charges
✔ Hong Kong media tycoon Jimmy Lai convicted of national security offences – video
✔ Hong Kong media tycoon convicted – as it happened
✔ The rise and fall of Jimmy Lai, whose trajectory mirrored that of Hong Kong itself
✔ Labubus, TikTok and KPop Demon Hunters: how childhood went east Asian – podcast
✔ I’m a Chinese pro-democracy activist. Here’s how to find courage to oppose Trump | Yaqiu Wang
✔ Hong Kong’s last major opposition party disbands amid Chinese pressure
✔ ‘A shift no country can ignore’: where global emissions stand, 10 years after the Paris climate agreement

===== The Guardian - US =====
✔ ‘The most important documents are missing,’ says Democratic representative of Epstein files release – as it happened
✔ US launches airstrikes against dozens of Islamic State targets in Syria
✔ Trump news at a glance: Department of Justice releases heavily redacted cache of Epstein files
✔ US justice department releases heavily redacted cache of Jeffrey Epstein files
✔ Survivors of Epstein’s abuse condemn justice department for only partly releasing files
✔ Trump over-promises and under-delivers with heavily redacted Epstein cache
✔ Photos from the first batch of the Jeffrey Epstein files
✔ FBI notes detail grim demands Epstein made for procurement of underage girls
✔ Elise Stefanik ends bid for New York governor and plans to leave Congress
✔ US legislators say justice department is violating law by not releasing all Epstein files
✔ Congress members demand answers on price disparities at dollar-store chains
✔ US army lawyer fired as immigration judge after defying Trump deportation agenda
✔ Anti-vaccine group once led by RFK Jr circulates false assertions amid measles outbreak
✔ It’s time to accept that the US supreme court is illegitimate and must be replaced | Ryan Doerfler and Samuel Moyn
✔ Europe has lost all credibility in the Middle East. The way to regain it lies in Syria, Iraq and Lebanon | Nathalie Tocci
✔ From Keir as Eliot Ness to Radon Liz on YouTube – the 2025 alternative politics awards
✔ The Guardian view on the EU and Ukraine: a moment of truth for Brussels and Kyiv | Editorial
✔ Brendan Carr admits his FCC is Trump’s journalism police | Seth Stern and Clayton Weimers
✔ This Christmas, let’s ban the world’s most miserable gift-giving game | Dave Schilling
✔ The World Cup is about places and people. In Seattle, it should be about Pride | Leander Schaerlaeckens
✔ What’s going on with Donald Trump’s health? | Moira Donegan
✔ How many big names have paid the price for being linked to Jeffrey Epstein? Fewer than you might think | Emma Brockes
✔ Anthony Joshua calls out Tyson Fury after sending Jake Paul to hospital with broken jaw
✔ Anthony Joshua knocks out Jake Paul in sixth round of heavyweight fight – as it happened
✔ Anthony Joshua overwhelms Jake Paul in six to restore boxing sanity in Miami
✔ Baumgardner and Dubois win as women’s champions shine on Paul v Joshua undercard
✔ Trump strikes deal with US drugmakers to cut Medicaid medicine costs
✔ Why is Truth Social owner Trump Media merging with a fusion energy firm?
✔ WH Smith tries to recover bonuses from ex-bosses as watchdog investigates accounting error
✔ Meg O’Neill: ‘hard-nosed’ outsider who will head BP’s pivot away from green energy
✔ The long-awaited release of the Epstein files | The Latest
✔ The Guardian lens on 2025: how we covered a year of turmoil and hope – video
✔ Bystanders throw snowballs at ICE agents dragging woman on the ground in Minneapolis – video

===== Fox News - World =====
✔ Putin says Russia won't launch new attacks on other countries 'if you treat us with respect'
✔ Canadian police expose alleged ISIS conspirator in plot against Jews, women's attempted kidnappings
✔ Iran killing spree continues as regime sets new record for 2025 executions, dissident group says
✔ Australian authorities release 7 men detained over possible violent plot in wake of Bondi Beach shooting
✔ Thousands gather as Bondi Beach reopens, commemorating victims of Hanukkah attack
✔ Putin claims 'troops are advancing,' will achieve goals as EU approves massive Ukraine loan
✔ Zelenskyy calls for US to respond to 'signals' Russia is 'preparing to make next year a year of war'
✔ Australia anti-terror police detain 7 men as country lays youngest Bondi Beach victim to rest
✔ Albanian opposition lawmakers light flares, scuffle with police amid parliament chaos over corruption probe
✔ Israel hits Hezbollah targets in Lebanon ahead of deadline to disarm terror group
✔ Vatican confirms resignation of Cardinal Timothy Dolan, announces new archbishop of New York
✔ Can Maduro survive as Trump's oil pressure campaign hits his regime’s weak spot?
✔ Families mourn loved ones lost in Bondi Beach terror attack: ‘No words can describe the pain’
✔ Putin derides European leaders as he insists Russia's war goals in Ukraine will be met by force or diplomacy
✔ Philippines authorities give update on Bondi Beach gunmen's movements amid speculation about terror training
✔ Yemen separatist forces seize key oil region, urge US to partner against Iran-backed Houthis
✔ Israel's Netanyahu demands Western governments act to battle antisemitism: 'Heed our warnings'
✔ Ukraine says it carried out first-ever underwater drone strike on Russian submarine in Novorossiysk
✔ Trump targets Maduro as Western Hemisphere becomes ‘first line of defense’ in new strategy
✔ Policy group praises Trump’s 100 global wins since taking office, from cartel crackdowns to peace deals
✔ Surviving Australia terror suspect slapped with charges in wake of deadly attack
✔ Pro-life leader praises Vatican's 'inspiring' anti-abortion Nativity scene: 'It's really beautiful'
✔ Mexico City lawmakers throw punches and yank hair in heated congress brawl over transparency institute
✔ Poland foils ISIS-type bomb plot as Sydney attack triggers UK, Europe terror alerts
✔ 10-year-old girl, Holocaust survivor among victims of deadly Australia Hanukkah attack

===== Fox News - US =====
✔ Brown University, MIT shooting suspect likely died days before body found: autopsy
✔ Fox News True Crime Newsletter: Brown and MIT shooting suspect, Nick Reiner's lawyer, Brian Walshe's sentence
✔ Trump administration restricts Mexican train crews over English proficiency-related safety concerns
✔ Florida cold case breakthroughs: Sheriff’s unit cracks two long-unsolved killings
✔ Chinese researcher on US visa charged with smuggling E. coli into the country, FBI Director Kash Patel says
✔ Sports reporter’s 3-year-old opened door for grandpa who then found couple dead in home: report
✔ Suspect in Brown shooting, MIT murder found dead and more top headlines
✔ US prisons battle evolving drone technology used to smuggle contraband to inmates
✔ Milwaukee County judge found guilty of obstructing federal immigration agents in courthouse incident
✔ Minneapolis police chief blasts ICE after agent seen dragging woman through street, kneeling on her back
✔ Claudio Manuel Neves-Valente identified as Brown University and MIT shooting suspect, found dead
✔ Florida executes man convicted of killing airman and girlfriend in 1987 home invasion
✔ Stolen plane crashes into building at Los Angeles airport; suspect arrested
✔ Luigi Mangione defense says cops peddled bogus mom quote as judge weighs if evidence will make it to trial
✔ Suspected Brown University gunman identified as investigators explore connection to MIT slaying: sources
✔ Alleged Tren de Aragua leader charged with racketeering conspiracy and cocaine trafficking in Trump crackdown
✔ Alleged human smuggling operation exposed in Texas as 17 illegal aliens found inside residential home
✔ Haitian men charged with $7 million fraud scheme in Massachusetts
✔ US civilian interpreter killed in Syria identified as devoted father of four
✔ Who is Brown police chief Rodney Chatman? School's public safety department placed heavy emphasis on DEI
✔ Hunt for Brown University killer handicapped by security lapses, campus budget cuts
✔ Jewish stabbing victim Elias Rosner speaks out after Brooklyn attack: 'I believe in standing up to bullies'
✔ Brian Walshe sentenced to life in prison for wife Ana's murder after discovering affair
✔ Fox News ‘Antisemitism Exposed’ Newsletter: Australia pays price for coddling extremists
✔ Who was Nuno Loureiro? MIT professor gunned down in apartment near university

===== BBC - World =====
✔ US carries out 'massive' strike against IS in Syria
✔ Putin vows no more wars if West treats Russia with respect
✔ Steve Rosenberg: Was Putin's response to my question about war in Europe an olive branch?
✔ Australian state plans to ban intifada chants after Bondi shooting
✔ EU agrees €90bn loan for Ukraine but without using Russian assets
✔ Palestinians tell BBC they were sexually abused in Israeli prisons
✔ Knife attacker kills three after smoke bombing Taiwan metro
✔ Charlie Kirk's widow Erika endorses JD Vance for president
✔ French court rejects Shein website suspension over childlike sex dolls
✔ Tourists to face €2 fee to get near Rome's Trevi Fountain
✔ Norway's crown princess likely needs lung transplant, palace says
✔ German court jails man for drugging, raping and filming wife for years
✔ Removed Ben & Jerry's chair says Magnum aimed to 'smear' her
✔ US to strip alleged Bosnian war criminal of citizenship
✔ Bangladesh newspaper staff recall 'gasping for air' as offices set ablaze
✔ US suspends green card lottery scheme after Brown shooting
✔ South Africa defiant after US threatens 'consequences' over refugee centre raid
✔ UN-backed experts say Gaza food supplies improving but 100,000 still in 'catastrophic conditions'
✔ TikTok owner signs deal to avoid US ban
✔ Australia announces gun buyback scheme in wake of Bondi attack
✔ Uganda prison officer sacked for 'politicking' on TikTok
✔ South Africa defiant after US threatens 'consequences' over refugee centre raid
✔ Parents in India devastated as children with thalassemia test HIV positive
✔ French 'Doctor Death' who poisoned patients jailed for life
✔ Make Korea great again: The right-wing group wooing disenchanted youth
✔ 'Very cool': The 70s Afro-rock genre enjoying a rebirth
✔ Kebabs, biryani and much more: Indian city on Unesco culinary list
✔ Australia was seen as a world leader in gun control - Bondi has exposed a more complicated reality
✔ Stigma of Ukraine's forgotten soldiers who 'died the wrong way'
✔ 'We are not from Bangladesh, we are Indian. Why did they do this to us?'
✔ 'Matter of survival': The president who wants to help fund hair loss treatment
✔ Watch: Images, cassettes and high-profile figures - What's in the latest Epstein files?
✔ Putin tells BBC Western leaders deceived Russia
✔ Ros Atkins on… The alleged links between the UAE and Sudan's civil war
✔ What does TikTok's deal mean for America's users?
✔ Surfers and swimmers pay tribute to victims of Bondi shooting

===== BBC - China =====
✔ Miss Finland's viral 'slanted-eyes' photo stirs racism firestorm
✔ What does the Jimmy Lai verdict mean for Hong Kong?
✔ Pro-democracy Hong Kong tycoon Jimmy Lai convicted in high-profile national security trial
✔ Tricked, abducted and abused: Inside China's schools for 'rebellious' teens
✔ Mexico approves up to 50% tariffs on China and other countries
✔ Japan protests after Chinese fighter jets lock radar on Japanese planes
✔ Hong Kong votes in election as city mourns deadly fire
✔ Who is Jimmy Lai, Hong Kong's pro-democracy media tycoon?
✔ What we know about the Hong Kong apartment fires
✔ 'This was preventable': Anger and unanswered questions after Hong Kong fire
✔ China's investment spree in UK gave it access to military-grade technology, BBC told

===== BBC - US & Canada =====
✔ How a Reddit tipster cracked the Brown University shooting case
✔ US suspends green card lottery scheme after Brown University shooting
✔ Republican Elise Stefanik ends New York governor bid
✔ Timothée Chalamet teams up with EsDeeKid to quash alter-ego rumours
✔ Erika Kirk endorses JD Vance for president at tense conservative event
✔ Harry and Meghan embrace their children in Christmas message
✔ Watch: President Trump's name added to facade of Kennedy Center
✔ US judge found guilty of helping migrant evade immigration agents
✔ TikTok owner signs deal to avoid US ban
✔ Two US presidents and their long associations with Jeffrey Epstein
✔ Four things the US wants from Canada on trade
✔ Brown University and MIT professor shooting suspect found dead, police say
✔ Watch: Images, cassettes and high-profile figures - What's in the latest Epstein files?
✔ Watch: DOJ re-releases 2005 video showing Epstein's Florida home
✔ Watch: Moment Nick Reiner is arrested after being seen in convenience store
✔ Watch: Trump attends dignified transfer for Americans killed in Syria
✔ Watch: Drone footage shows extent of flooding in Washington state
✔ What we know about the Epstein files that the US is poised to release
✔ Will the US TikTok deal make it safer but less relevant?
✔ How a Reddit tipster cracked the Brown University shooting case
✔ Fact-checking White House plaques targeting former US presidents
✔ Keith Lee wins top prize at first TikTok Awards in US

✅ Done.
[2025-12-20 16:04:40] ⏳ 休眠 3 小时
[2025-12-20 16:06:13] 🟢 调度器启动
[2025-12-20 16:06:13] ▶ 开始抓取新闻
[2025-12-20 16:06:13] ✔ 抓取完成
[2025-12-20 16:06:13] STDERR:
Traceback (most recent call last):
  File "E:\news-get\news_fetch_and_store.py", line 132, in <module>
    main()
  File "E:\news-get\news_fetch_and_store.py", line 124, in main
    print("\U0001f5c4 Initializing database...")
UnicodeEncodeError: 'gbk' codec can't encode character '\U0001f5c4' in position 0: illegal multibyte sequence
[2025-12-20 16:06:13] ⏳ 休眠 3 小时
[2025-12-20 16:06:30] 🟢 调度器启动
[2025-12-20 16:06:30] ▶ 开始抓取新闻
[2025-12-20 16:06:31] ✔ 抓取完成
[2025-12-20 16:06:31] STDERR:
Traceback (most recent call last):
  File "E:\news-get\news_fetch_and_store.py", line 132, in <module>
    main()
  File "E:\news-get\news_fetch_and_store.py", line 124, in main
    print("\U0001f5c4 Initializing database...")
UnicodeEncodeError: 'gbk' codec can't encode character '\U0001f5c4' in position 0: illegal multibyte sequence
[2025-12-20 16:06:31] ⏳ 休眠 3 小时
[2025-12-20 16:09:34] 🟢 调度器启动
[2025-12-20 16:09:34] ▶ 开始抓取新闻
[2025-12-20 16:09:34] ✔ 抓取完成
[2025-12-20 16:09:34] STDERR:
Traceback (most recent call last):
  File "E:\news-get\news_fetch_and_store.py", line 132, in <module>
    main()
  File "E:\news-get\news_fetch_and_store.py", line 124, in main
    print("\U0001f5c4 Initializing database...")
UnicodeEncodeError: 'gbk' codec can't encode character '\U0001f5c4' in position 0: illegal multibyte sequence
[2025-12-20 16:09:34] ⏳ 休眠 3 小时
